# new name -> the name in the public archive of DN OSP 2.14 (written by tools/rename-unit.py, read by bootstrap/tools/dn-manifest.py)
apploop.pas u_myapp.pas
baseobjs.pas objects2.pas
basics.pas advance.pas
boot.pas dn1.pas
bwselect.pas dncolor.pas
calcline.pas ccalc.pas
calcwin.pas calc.pas
copyio.pas fbb.pas
country.pas country_.pas
dirwatch.pas fnotify.pas
dlgrecs.pas startupp.pas
editcore.pas microed.pas
editfile.pas microed2.pas
editundo.pas ed2.pas
editwin.pas edwin.pas
envutil.pas advance3.pas
evaluator.pas calculat.pas
fileerrors.pas errmess.pas
filepanel.pas flpanel.pas
fileutil.pas advance2.pas
findspf.pas u_srchf.pas
fmt7z.pas arc_7z.pas
fmtace.pas arc_ace.pas
fmtain.pas arc_ain.pas
fmtarc.pas arc_arc.pas
fmtbs2.pas arc_bs2.pas
fmtbsa.pas arc_bsa.pas
fmtbz2.pas arc_bz2.pas
fmtcab.pas arc_cab.pas
fmtchz.pas arc_chz.pas
fmtha.pas arc_ha.pas
fmthap.pas arc_hap.pas
fmthpk.pas arc_hpk.pas
fmthyp.pas arc_hyp.pas
fmtis3.pas arc_is3.pas
fmtlha.pas arc_lha.pas
fmtlim.pas arc_lim.pas
fmtqrk.pas arc_qrk.pas
fmtrar.pas arc_rar.pas
fmtsqz.pas arc_sqz.pas
fmttar.pas arc_tar.pas
fmttgz.pas arc_tgz.pas
fmtuc2.pas arc_uc2.pas
fmtufa.pas arc_ufa.pas
fmtzip.pas arc_zip.pas
fmtzoo.pas arc_zoo.pas
fmtzxz.pas arc_zxz.pas
fsinfo.pas fltl.pas
gadgets.pas gauges.pas
iniengine.pas dnini_p.pas
inputfname.pas swe.pas
keymap.pas u_keymap.pas
langid.pas advance7.pas
linepos.pas advance6.pas
mainapp.pas dnapp.pas
os2sess.pas advance4.pas
osdep.pas vpsyslow.pas
osfind.pas vpsyslo2.pas
paneldlgs.pas fltools.pas
panelroot.pas flpanelx.pas
panelsetup.pas pdsetup.pas
panelwin.pas dblwnd.pas
panelwinx.pas xdblwnd.pas
progress.pas gauge.pas
realmode.pas dpmi32.pas
strutil.pas advance1.pas
topview.pas topview_.pas
uselfn.pas files.pas
