# new name -> the name in the public archive of DN OSP 2.14 (written by tools/rename-unit.py, read by bootstrap/tools/dn-manifest.py)
apploop.pas u_myapp.pas
arc7z.pas arc_7z.pas
arcace.pas arc_ace.pas
arcain.pas arc_ain.pas
arcarc.pas arc_arc.pas
arcbs2.pas arc_bs2.pas
arcbsa.pas arc_bsa.pas
arcbz2.pas arc_bz2.pas
arccab.pas arc_cab.pas
arcchz.pas arc_chz.pas
archa.pas arc_ha.pas
archap.pas arc_hap.pas
archpk.pas arc_hpk.pas
archyp.pas arc_hyp.pas
arcis3.pas arc_is3.pas
arclha.pas arc_lha.pas
arclim.pas arc_lim.pas
arcqrk.pas arc_qrk.pas
arcrar.pas arc_rar.pas
arcsqz.pas arc_sqz.pas
arctar.pas arc_tar.pas
arctgz.pas arc_tgz.pas
arcuc2.pas arc_uc2.pas
arcufa.pas arc_ufa.pas
arczip.pas arc_zip.pas
arczoo.pas arc_zoo.pas
arczxz.pas arc_zxz.pas
baseobjs.pas objects2.pas
basics.pas advance.pas
boot.pas dn1.pas
bwselect.pas dncolor.pas
calcline.pas ccalc.pas
calcwin.pas calc.pas
copyio.pas fbb.pas
country.pas country_.pas
dlgrecs.pas startupp.pas
editcore.pas microed.pas
editfile.pas microed2.pas
editundo.pas ed2.pas
editwin.pas edwin.pas
envutil.pas advance3.pas
evaluator.pas calculat.pas
filepanel.pas flpanel.pas
fileutil.pas advance2.pas
findspf.pas u_srchf.pas
fsinfo.pas fltl.pas
gadgets.pas gauges.pas
iniengine.pas dnini_p.pas
inputfname.pas swe.pas
keymap.pas u_keymap.pas
langid.pas advance7.pas
linepos.pas advance6.pas
mainapp.pas dnapp.pas
os2sess.pas advance4.pas
paneldlgs.pas fltools.pas
panelroot.pas flpanelx.pas
panelsetup.pas pdsetup.pas
panelwin.pas dblwnd.pas
panelwinx.pas xdblwnd.pas
progress.pas gauge.pas
strutil.pas advance1.pas
topview.pas topview_.pas
vpsysext.pas vpsyslo2.pas
